
C:\Users\Gjorge>mkdir SI_2023_lab1_181205

C:\Users\Gjorge>cd SI_2023_lab1_181205

C:\Users\Gjorge\SI_2023_lab1_181205>git init
Initialized empty Git repository in C:/Users/Gjorge/SI_2023_lab1_181205/.git/

C:\Users\Gjorge\SI_2023_lab1_181205>notepad README.txt

C:\Users\Gjorge\SI_2023_lab1_181205>git add .

C:\Users\Gjorge\SI_2023_lab1_181205>git commit -m "Initial commit"
Author identity unknown

*** Please tell me who you are.

Run

  git config --global user.email "you@example.com"
  git config --global user.name "Your Name"

to set your account's default identity.
Omit --global to set the identity only in this repository.

fatal: unable to auto-detect email address (got 'Gjorge@Gjorge-PC.(none)')

C:\Users\Gjorge\SI_2023_lab1_181205>git config --global user.email "gjorge.argirov@outlook.com"

C:\Users\Gjorge\SI_2023_lab1_181205>git config --global user.name "gjorgeargirov"

C:\Users\Gjorge\SI_2023_lab1_181205>git commit -m "Initial commit"
[master (root-commit) ab86804] Initial commit
 1 file changed, 1 insertion(+)
 create mode 100644 README.txt

C:\Users\Gjorge\SI_2023_lab1_181205>git add .

C:\Users\Gjorge\SI_2023_lab1_181205>git commit -m "Add java class"
[master 5ed327d] Add java class
 1 file changed, 41 insertions(+)
 create mode 100644 SILab1.java

C:\Users\Gjorge\SI_2023_lab1_181205>git branch -m master

C:\Users\Gjorge\SI_2023_lab1_181205>git remote add origin https://github.com/gjorgeargirov/SI_2023_lab1_181205.git

C:\Users\Gjorge\SI_2023_lab1_181205>git push -u origin master
info: please complete authentication in your browser...
Enumerating objects: 6, done.
Counting objects: 100% (6/6), done.
Delta compression using up to 4 threads
Compressing objects: 100% (4/4), done.
Writing objects: 100% (6/6), 831 bytes | 831.00 KiB/s, done.
Total 6 (delta 0), reused 0 (delta 0), pack-reused 0
To https://github.com/gjorgeargirov/SI_2023_lab1_181205.git
 * [new branch]      master -> master
branch 'master' set up to track 'origin/master'.

C:\Users\Gjorge\SI_2023_lab1_181205>git branch bug1

C:\Users\Gjorge\SI_2023_lab1_181205>git branch bug2

C:\Users\Gjorge\SI_2023_lab1_181205>git branch bug3

C:\Users\Gjorge\SI_2023_lab1_181205>git checkout bug1
Switched to branch 'bug1'

C:\Users\Gjorge\SI_2023_lab1_181205>git add .

C:\Users\Gjorge\SI_2023_lab1_181205>git commit -m "Fix wrong loop for reading"
[bug1 ee04534] Fix wrong loop for reading
 1 file changed, 1 insertion(+), 1 deletion(-)

C:\Users\Gjorge\SI_2023_lab1_181205>git remote -v
origin  https://github.com/gjorgeargirov/SI_2023_lab1_181205.git (fetch)
origin  https://github.com/gjorgeargirov/SI_2023_lab1_181205.git (push)

C:\Users\Gjorge\SI_2023_lab1_181205>git checkout bug2
Switched to branch 'bug2'

C:\Users\Gjorge\SI_2023_lab1_181205>git add .

C:\Users\Gjorge\SI_2023_lab1_181205>git commit -m "Fix wrong loop for reading"
[bug2 d1f178e] Fix wrong loop for reading
 1 file changed, 1 insertion(+), 1 deletion(-)

C:\Users\Gjorge\SI_2023_lab1_181205>git checkout bug3
Switched to branch 'bug3'

C:\Users\Gjorge\SI_2023_lab1_181205>git add .

C:\Users\Gjorge\SI_2023_lab1_181205>git commit -m  "Fix method sumEvenNumbers"
[bug3 d1b5852] Fix method sumEvenNumbers
 1 file changed, 1 insertion(+), 1 deletion(-)

C:\Users\Gjorge\SI_2023_lab1_181205>git push -u origin bug3
Enumerating objects: 5, done.
Counting objects: 100% (5/5), done.
Delta compression using up to 4 threads
Compressing objects: 100% (3/3), done.
Writing objects: 100% (3/3), 336 bytes | 336.00 KiB/s, done.
Total 3 (delta 1), reused 0 (delta 0), pack-reused 0
remote: Resolving deltas: 100% (1/1), completed with 1 local object.
remote:
remote: Create a pull request for 'bug3' on GitHub by visiting:
remote:      https://github.com/gjorgeargirov/SI_2023_lab1_181205/pull/new/bug3
remote:
To https://github.com/gjorgeargirov/SI_2023_lab1_181205.git
 * [new branch]      bug3 -> bug3
branch 'bug3' set up to track 'origin/bug3'.

C:\Users\Gjorge\SI_2023_lab1_181205>git checkout bug1
Switched to branch 'bug1'

C:\Users\Gjorge\SI_2023_lab1_181205>git push -u origin bug1
Enumerating objects: 5, done.
Counting objects: 100% (5/5), done.
Delta compression using up to 4 threads
Compressing objects: 100% (3/3), done.
Writing objects: 100% (3/3), 324 bytes | 324.00 KiB/s, done.
Total 3 (delta 1), reused 0 (delta 0), pack-reused 0
remote: Resolving deltas: 100% (1/1), completed with 1 local object.
remote:
remote: Create a pull request for 'bug1' on GitHub by visiting:
remote:      https://github.com/gjorgeargirov/SI_2023_lab1_181205/pull/new/bug1
remote:
To https://github.com/gjorgeargirov/SI_2023_lab1_181205.git
 * [new branch]      bug1 -> bug1
branch 'bug1' set up to track 'origin/bug1'.

C:\Users\Gjorge\SI_2023_lab1_181205>git checkout bug2
Switched to branch 'bug2'

C:\Users\Gjorge\SI_2023_lab1_181205>git push -u origin bug2
Enumerating objects: 5, done.
Counting objects: 100% (5/5), done.
Delta compression using up to 4 threads
Compressing objects: 100% (3/3), done.
Writing objects: 100% (3/3), 333 bytes | 333.00 KiB/s, done.
Total 3 (delta 1), reused 0 (delta 0), pack-reused 0
remote: Resolving deltas: 100% (1/1), completed with 1 local object.
remote:
remote: Create a pull request for 'bug2' on GitHub by visiting:
remote:      https://github.com/gjorgeargirov/SI_2023_lab1_181205/pull/new/bug2
remote:
To https://github.com/gjorgeargirov/SI_2023_lab1_181205.git
 * [new branch]      bug2 -> bug2
branch 'bug2' set up to track 'origin/bug2'.

C:\Users\Gjorge\SI_2023_lab1_181205>git fetch

C:\Users\Gjorge\SI_2023_lab1_181205>git checkout master
Switched to branch 'master'
Your branch is up to date with 'origin/master'.

C:\Users\Gjorge\SI_2023_lab1_181205>git merge bug1
Updating 5ed327d..ee04534
Fast-forward
 SILab1.java | 2 +-
 1 file changed, 1 insertion(+), 1 deletion(-)

C:\Users\Gjorge\SI_2023_lab1_181205>git pull
Already up to date.

C:\Users\Gjorge\SI_2023_lab1_181205>git merge bug2
Auto-merging SILab1.java
Merge made by the 'ort' strategy.
 SILab1.java | 2 +-
 1 file changed, 1 insertion(+), 1 deletion(-)

C:\Users\Gjorge\SI_2023_lab1_181205>git push
Enumerating objects: 7, done.
Counting objects: 100% (7/7), done.
Delta compression using up to 4 threads
Compressing objects: 100% (3/3), done.
Writing objects: 100% (3/3), 355 bytes | 355.00 KiB/s, done.
Total 3 (delta 1), reused 0 (delta 0), pack-reused 0
remote: Resolving deltas: 100% (1/1), completed with 1 local object.
To https://github.com/gjorgeargirov/SI_2023_lab1_181205.git
   5ed327d..4022432  master -> master

C:\Users\Gjorge\SI_2023_lab1_181205>git fetch

C:\Users\Gjorge\SI_2023_lab1_181205>git checkout bug3
Switched to branch 'bug3'
Your branch is up to date with 'origin/bug3'.

C:\Users\Gjorge\SI_2023_lab1_181205>git rebese origin/master
git: 'rebese' is not a git command. See 'git --help'.

The most similar command is
        rebase

C:\Users\Gjorge\SI_2023_lab1_181205>git rebase origin/master
Successfully rebased and updated refs/heads/bug3.

C:\Users\Gjorge\SI_2023_lab1_181205>git add .

C:\Users\Gjorge\SI_2023_lab1_181205>git push origin +bug3
Enumerating objects: 5, done.
Counting objects: 100% (5/5), done.
Delta compression using up to 4 threads
Compressing objects: 100% (3/3), done.
Writing objects: 100% (3/3), 339 bytes | 339.00 KiB/s, done.
Total 3 (delta 1), reused 0 (delta 0), pack-reused 0
remote: Resolving deltas: 100% (1/1), completed with 1 local object.
To https://github.com/gjorgeargirov/SI_2023_lab1_181205.git
 + d1b5852...07bc2c0 bug3 -> bug3 (forced update)

C:\Users\Gjorge\SI_2023_lab1_181205>git checkout master
Switched to branch 'master'
Your branch is up to date with 'origin/master'.

C:\Users\Gjorge\SI_2023_lab1_181205>git merge bug3
Updating 4022432..07bc2c0
Fast-forward
 SILab1.java | 2 +-
 1 file changed, 1 insertion(+), 1 deletion(-)

C:\Users\Gjorge\SI_2023_lab1_181205>git fetch

C:\Users\Gjorge\SI_2023_lab1_181205>git push
Total 0 (delta 0), reused 0 (delta 0), pack-reused 0
To https://github.com/gjorgeargirov/SI_2023_lab1_181205.git
   4022432..07bc2c0  master -> master

C:\Users\Gjorge\SI_2023_lab1_181205>git fetch

C:\Users\Gjorge\SI_2023_lab1_181205>notepad logs.txt